Found 4 candidates:
  func foo()
  var Xa int
  var Xb int
  var Xy Y
