// JNI functions for the Go <=> Java bridge.
//   gobind -lang=java ignore
//
// File is generated by gobind. Do not edit.

#include <android/log.h>
#include <stdint.h>
#include "seq.h"
#include "_cgo_export.h"
#include "ignore.h"

jclass proxy_class_ignore_I;
jmethodID proxy_class_ignore_I_cons;
// skipped method I.Argument with unsupported parameter or return types

// skipped method I.Result with unsupported parameter or return types

jclass proxy_class_ignore_S;
jmethodID proxy_class_ignore_S_cons;

JNIEXPORT void JNICALL
Java_go_ignore_Ignore_init(JNIEnv *env, jclass _unused) {
    jclass clazz;
    clazz = (*env)->FindClass(env, "go/ignore/Ignore$S");
    proxy_class_ignore_S = (*env)->NewGlobalRef(env, clazz);
    proxy_class_ignore_S_cons = (*env)->GetMethodID(env, clazz, "<init>", "(Lgo/Seq$Ref;)V");
    clazz = (*env)->FindClass(env, "go/ignore/Ignore$proxyI");
    proxy_class_ignore_I = (*env)->NewGlobalRef(env, clazz);
    proxy_class_ignore_I_cons = (*env)->GetMethodID(env, clazz, "<init>", "(Lgo/Seq$Ref;)V");
    clazz = (*env)->FindClass(env, "go/ignore/Ignore$I");
    // skipped method I.Argument with unsupported parameter or return types
    
    // skipped method I.Result with unsupported parameter or return types
    
    
}

// skipped function Argument with unsupported parameter or return types

// skipped function Result with unsupported parameter or return types

// skipped function Argument with unsupported parameter or return types

// skipped function Result with unsupported parameter or return types

// skipped field S with unsupported type: *types.Interface

// skipped function Argument with unsupported parameter or return types

// skipped method I with unsupported parameter or return types

// skipped function Result with unsupported parameter or return types

// skipped method I with unsupported parameter or return types

// skipped variable V with unsupported type: *types.Interface

// skipped variable Var with unsupported type: *types.Interface

