// Objective-C API for talking to issue10788 Go package.
//   gobind -lang=objc issue10788
//
// File is generated by gobind. Do not edit.

#ifndef __issue10788_H__
#define __issue10788_H__

#include <stdint.h>
#include <objc/objc.h>
void cproxyissue10788_TestInterface_DoSomeWork(int32_t refnum, int32_t s);

void cproxyissue10788_TestInterface_MultipleUnnamedParams(int32_t refnum, nint p0, nstring p1, int64_t p2);

#endif
