// Java class go.issue12328.Issue12328 is a proxy for talking to a Go program.
//   gobind -lang=java issue12328
//
// File is generated by gobind. Do not edit.
package go.issue12328;

import go.Seq;

public abstract class Issue12328 {
    static {
        Seq.touch(); // for loading the native library
        init();
    }
    
    private Issue12328() {} // uninstantiable
    
    // touch is called from other bound packages to initialize this package
    public static void touch() {}
    
    private static native void init();
    
    public static final class T extends Seq.Proxy {
        private T(go.Seq.Ref ref) { super(ref); }
        
        public final native String getErr();
        public final native void setErr(String v);
        
        @Override public boolean equals(Object o) {
            if (o == null || !(o instanceof T)) {
                return false;
            }
            T that = (T)o;
            String thisErr = getErr();
            String thatErr = that.getErr();
            if (thisErr == null) {
                if (thatErr != null) {
                    return false;
                }
            } else if (!thisErr.equals(thatErr)) {
                return false;
            }
            return true;
        }
        
        @Override public int hashCode() {
            return java.util.Arrays.hashCode(new Object[] {getErr()});
        }
        
        @Override public String toString() {
            StringBuilder b = new StringBuilder();
            b.append("T").append("{");
            b.append("Err:").append(getErr()).append(",");
            return b.append("}").toString();
        }
    }
    
    
}
