// Objective-C API for talking to try Go package.
//   gobind -lang=objc try
//
// File is generated by gobind. Do not edit.

#ifndef __GoTry_H__
#define __GoTry_H__

#include <Foundation/Foundation.h>

FOUNDATION_EXPORT NSString* GoTryThis();

#endif
